<div id="John Doe" class="foo">
    Jane Doe
</div>