<!DOCTYPE html>
<html>
<head>
    <title>John Doe</title>
</head>
<body>
    Jane Doe
</body>
</html>